=== Backfilling remaining check-ins + incidents (quota-fallback mode) ===

[1/2] Inserting 7 check-ins...
  Ahmad Zulkifli: high risk, 1 hazard(s), tx DnGZScCSzqzG...
  Siti Nurhaliza: elevated risk, 2 hazard(s), tx 7tQ61AcGwpYE...
  Rajesh Kumar: critical risk, 1 hazard(s), tx hJN1RDhGxY77...
  Muthu Vellu: high risk, 1 hazard(s), tx 2y7xpcisywyg...
  Wei Ming Tan: elevated risk, 1 hazard(s), tx 2sKjHUUbeC9g...
  Ahmad Zulkifli: safe risk, 0 hazard(s), tx 5eQ7jcqaJJVB...
  Siti Nurhaliza: elevated risk, 1 hazard(s), tx 3N8kAj7Ef8bJ...

  Recomputing safety scores...
  Ahmad Zulkifli: score 63 (8 check-ins), tx BaZ5jTe6eRMJ...
  Siti Nurhaliza: score 60 (5 check-ins), tx CRR7BgGcXtZv...
  Rajesh Kumar: score 59 (4 check-ins), tx DLK55sscyYE2...
  Muthu Vellu: score 59 (4 check-ins), tx GkybUJ3DEPzd...
  Wei Ming Tan: score 59 (4 check-ins), tx AGEgSf7yzeRB...

[2/2] Inserting 3 incidents...
  "Minor cut from unguarded blade" (first_aid), tx 9LcHG9woQLFT...
  "Forklift collision with storage rack" (lost_time), tx DQWMjuU81QCg...
  "Crane load swing causes fall from height" (serious), tx EAWvgKpko9L1...

=== Backfill complete ===
